../Core/main.c:85:5:main	16	static
../Core/main.c:161:6:SystemClock_Config	88	static
../Core/main.c:208:13:MX_ADC1_Init	24	static
../Core/main.c:255:13:MX_CAN_Init	8	static
../Core/main.c:292:13:MX_I2C1_Init	8	static
../Core/main.c:326:13:MX_USART1_UART_Init	8	static
../Core/main.c:359:13:MX_USART2_UART_Init	8	static
../Core/main.c:392:13:MX_GPIO_Init	40	static
../Core/main.c:467:10:GetTemperature	16	static
../Core/main.c:482:10:GetTemperature2	16	static
../Core/main.c:513:1:__io_putchar	16	static
../Core/main.c:527:6:Error_Handler	4	static,ignoring_inline_asm
